Archive member included to satisfy reference by file (symbol)

/usr/lib/gcc/arm-none-eabi/15/thumb/v6-m/nofp/libgcc.a(_udivsi3.o)
                              bin/obj/system_LPC11Uxx.o (__aeabi_uidiv)
/usr/lib/gcc/arm-none-eabi/15/thumb/v6-m/nofp/libgcc.a(_divsi3.o)
                              bin/obj/colors.o (__aeabi_idiv)
/usr/lib/gcc/arm-none-eabi/15/thumb/v6-m/nofp/libgcc.a(_dvmd_tls.o)
                              /usr/lib/gcc/arm-none-eabi/15/thumb/v6-m/nofp/libgcc.a(_udivsi3.o) (__aeabi_idiv0)
/usr/lib/gcc/arm-none-eabi/15/thumb/v6-m/nofp/libgcc.a(_arm_cmpdf2.o)
                              bin/obj/stdio.o (__aeabi_dcmpeq)
/usr/lib/gcc/arm-none-eabi/15/thumb/v6-m/nofp/libgcc.a(_arm_cmpsf2.o)
                              bin/obj/math_helper.o (__aeabi_fcmpeq)
/usr/lib/gcc/arm-none-eabi/15/thumb/v6-m/nofp/libgcc.a(_aeabi_ldivmod.o)
                              bin/obj/timespan.o (__aeabi_ldivmod)
/usr/lib/gcc/arm-none-eabi/15/thumb/v6-m/nofp/libgcc.a(_muldi3.o)
                              bin/obj/timespan.o (__aeabi_lmul)
/usr/lib/gcc/arm-none-eabi/15/thumb/v6-m/nofp/libgcc.a(_fixunsdfsi.o)
                              bin/obj/board_reform2.o (__aeabi_d2uiz)
/usr/lib/gcc/arm-none-eabi/15/thumb/v6-m/nofp/libgcc.a(bpabi.o)
                              /usr/lib/gcc/arm-none-eabi/15/thumb/v6-m/nofp/libgcc.a(_aeabi_ldivmod.o) (__gnu_ldivmod_helper)
/usr/lib/gcc/arm-none-eabi/15/thumb/v6-m/nofp/libgcc.a(addsf3.o)
                              bin/obj/math_helper.o (__aeabi_fadd)
/usr/lib/gcc/arm-none-eabi/15/thumb/v6-m/nofp/libgcc.a(divsf3.o)
                              bin/obj/math_helper.o (__aeabi_fdiv)
/usr/lib/gcc/arm-none-eabi/15/thumb/v6-m/nofp/libgcc.a(eqsf2.o)
                              /usr/lib/gcc/arm-none-eabi/15/thumb/v6-m/nofp/libgcc.a(_arm_cmpsf2.o) (__eqsf2)
/usr/lib/gcc/arm-none-eabi/15/thumb/v6-m/nofp/libgcc.a(gesf2.o)
                              /usr/lib/gcc/arm-none-eabi/15/thumb/v6-m/nofp/libgcc.a(_arm_cmpsf2.o) (__gesf2)
/usr/lib/gcc/arm-none-eabi/15/thumb/v6-m/nofp/libgcc.a(lesf2.o)
                              /usr/lib/gcc/arm-none-eabi/15/thumb/v6-m/nofp/libgcc.a(_arm_cmpsf2.o) (__lesf2)
/usr/lib/gcc/arm-none-eabi/15/thumb/v6-m/nofp/libgcc.a(mulsf3.o)
                              bin/obj/math_helper.o (__aeabi_fmul)
/usr/lib/gcc/arm-none-eabi/15/thumb/v6-m/nofp/libgcc.a(subsf3.o)
                              bin/obj/math_helper.o (__aeabi_fsub)
/usr/lib/gcc/arm-none-eabi/15/thumb/v6-m/nofp/libgcc.a(fixsfsi.o)
                              bin/obj/math_helper.o (__aeabi_f2iz)
/usr/lib/gcc/arm-none-eabi/15/thumb/v6-m/nofp/libgcc.a(floatsisf.o)
                              bin/obj/board_reform2.o (__aeabi_i2f)
/usr/lib/gcc/arm-none-eabi/15/thumb/v6-m/nofp/libgcc.a(floatunsisf.o)
                              bin/obj/math_helper.o (__aeabi_ui2f)
/usr/lib/gcc/arm-none-eabi/15/thumb/v6-m/nofp/libgcc.a(adddf3.o)
                              bin/obj/math_helper.o (__aeabi_dadd)
/usr/lib/gcc/arm-none-eabi/15/thumb/v6-m/nofp/libgcc.a(divdf3.o)
                              bin/obj/board_reform2.o (__aeabi_ddiv)
/usr/lib/gcc/arm-none-eabi/15/thumb/v6-m/nofp/libgcc.a(eqdf2.o)
                              /usr/lib/gcc/arm-none-eabi/15/thumb/v6-m/nofp/libgcc.a(_arm_cmpdf2.o) (__eqdf2)
/usr/lib/gcc/arm-none-eabi/15/thumb/v6-m/nofp/libgcc.a(gedf2.o)
                              /usr/lib/gcc/arm-none-eabi/15/thumb/v6-m/nofp/libgcc.a(_arm_cmpdf2.o) (__gedf2)
/usr/lib/gcc/arm-none-eabi/15/thumb/v6-m/nofp/libgcc.a(ledf2.o)
                              /usr/lib/gcc/arm-none-eabi/15/thumb/v6-m/nofp/libgcc.a(_arm_cmpdf2.o) (__ledf2)
/usr/lib/gcc/arm-none-eabi/15/thumb/v6-m/nofp/libgcc.a(muldf3.o)
                              bin/obj/math_helper.o (__aeabi_dmul)
/usr/lib/gcc/arm-none-eabi/15/thumb/v6-m/nofp/libgcc.a(subdf3.o)
                              bin/obj/math_helper.o (__aeabi_dsub)
/usr/lib/gcc/arm-none-eabi/15/thumb/v6-m/nofp/libgcc.a(fixdfsi.o)
                              bin/obj/math_helper.o (__aeabi_d2iz)
/usr/lib/gcc/arm-none-eabi/15/thumb/v6-m/nofp/libgcc.a(floatsidf.o)
                              bin/obj/math_helper.o (__aeabi_i2d)
/usr/lib/gcc/arm-none-eabi/15/thumb/v6-m/nofp/libgcc.a(extendsfdf2.o)
                              bin/obj/math_helper.o (__aeabi_f2d)
/usr/lib/gcc/arm-none-eabi/15/thumb/v6-m/nofp/libgcc.a(truncdfsf2.o)
                              bin/obj/math_helper.o (__aeabi_d2f)
/usr/lib/gcc/arm-none-eabi/15/thumb/v6-m/nofp/libgcc.a(_clzsi2.o)
                              /usr/lib/gcc/arm-none-eabi/15/thumb/v6-m/nofp/libgcc.a(addsf3.o) (__clzsi2)
/usr/lib/gcc/arm-none-eabi/15/thumb/v6-m/nofp/libgcc.a(_divdi3.o)
                              /usr/lib/gcc/arm-none-eabi/15/thumb/v6-m/nofp/libgcc.a(bpabi.o) (__divdi3)
/usr/lib/gcc/arm-none-eabi/15/thumb/v6-m/nofp/libgcc.a(_clzdi2.o)
                              /usr/lib/gcc/arm-none-eabi/15/thumb/v6-m/nofp/libgcc.a(_divdi3.o) (__clzdi2)
[...]
Memory Configuration

Name             Origin             Length             Attributes
irom             0x00000000         0x00008000         xr
isram            0x10000000         0x00002000         xrw
isramUsb         0x20004000         0x00000800         xrw
*default*        0x00000000         0xffffffff

Linker script and memory map

LOAD ./cmsis/libs/libarm_cortexM0l_math.a
LOAD ./cmsis/libs/libRTX_CM0.a
LOAD /usr/lib/gcc/arm-none-eabi/15/../../../../arm-none-eabi/lib/thumb/v6-m/nofp/libm.a
LOAD bin/obj/startup_lpc11u_gnumake.o
LOAD bin/obj/system_LPC11Uxx.o
LOAD bin/obj/math_helper.o
LOAD bin/obj/RTX_hook.o
LOAD bin/obj/printf-retarget.o
LOAD bin/obj/board_lpcnfc.o
LOAD bin/obj/board_reform2.o
LOAD bin/obj/board_rf1ghzusb.o
LOAD bin/obj/board_rf1ghznode.o
LOAD bin/obj/cli.o
LOAD bin/obj/commands.o
LOAD bin/obj/cmd_chibi_addr.o
LOAD bin/obj/cmd_chibi_tx.o
LOAD bin/obj/cmd_dbg_memrd.o
LOAD bin/obj/cmd_eeprom_read.o
LOAD bin/obj/cmd_eeprom_write.o
LOAD bin/obj/cmd_i2c_read.o
LOAD bin/obj/cmd_i2c_scan.o
LOAD bin/obj/cmd_i2c_write.o
LOAD bin/obj/cmd_nfc_mfc_ndef.o
LOAD bin/obj/cmd_nfc_mifareclassic_memdump.o
LOAD bin/obj/cmd_nfc_mifareclassic_valueblock.o
LOAD bin/obj/cmd_nfc_mifareultralight_memdump.o
LOAD bin/obj/cmd_rtc_read.o
LOAD bin/obj/cmd_rtc_write.o
LOAD bin/obj/cmd_sd_dir.o
LOAD bin/obj/cmd_sysinfo.o
LOAD bin/obj/cmd_wifi.o
LOAD bin/obj/adc.o
LOAD bin/obj/delay.o
LOAD bin/obj/debug.o
LOAD bin/obj/eeprom.o
LOAD bin/obj/fifo.o
LOAD bin/obj/gpio.o
LOAD bin/obj/i2c.o
LOAD bin/obj/iap.o
LOAD bin/obj/stdio.o
LOAD bin/obj/string.o
LOAD bin/obj/pmu.o
LOAD bin/obj/ssp0.o
LOAD bin/obj/ssp1.o
LOAD bin/obj/timer16.o
LOAD bin/obj/timer32.o
LOAD bin/obj/uart.o
LOAD bin/obj/uart_buf.o
LOAD bin/obj/descriptors.o
LOAD bin/obj/usb_cdc.o
LOAD bin/obj/usb_custom_class.o
LOAD bin/obj/usb_hid.o
LOAD bin/obj/usb_msc.o
LOAD bin/obj/usbd.o
LOAD bin/obj/timespan.o
LOAD bin/obj/smallfonts.o
LOAD bin/obj/ssd1306_i2c.o
LOAD bin/obj/aafonts.o
LOAD bin/obj/colors.o
LOAD bin/obj/drawing.o
LOAD bin/obj/fonts.o
LOAD bin/obj/theme.o
LOAD bin/obj/DejaVuSansCondensed14_AA2.o
LOAD bin/obj/DejaVuSansCondensedBold14_AA2.o
LOAD bin/obj/DejaVuSansMono10_AA2.o
LOAD bin/obj/DejaVuSansMono13_AA2.o
LOAD bin/obj/DejaVuSansMono14_AA2.o
LOAD bin/obj/FontCalibri18_AA2.o
LOAD bin/obj/FontCalibriBold18_AA2.o
LOAD bin/obj/FontCalibriItalic18_AA2.o
LOAD bin/obj/FontFranklinGothicBold99_Numbers_AA2.o
LOAD bin/obj/FontCalibri18_AA4.o
LOAD bin/obj/dejavusans9.o
LOAD bin/obj/dejavusansbold9.o
LOAD bin/obj/dejavusanscondensed9.o
LOAD bin/obj/dejavusansmono8.o
LOAD bin/obj/dejavusansmonobold8.o
LOAD bin/obj/veramono9.o
LOAD bin/obj/veramono11.o
LOAD bin/obj/veramonobold9.o
LOAD bin/obj/veramonobold11.o
LOAD bin/obj/verdana9.o
LOAD bin/obj/verdana14.o
LOAD bin/obj/verdanabold14.o
LOAD bin/obj/hx8340b.o
LOAD bin/obj/ht16k33.o
LOAD bin/obj/iir_f.o
LOAD bin/obj/iir_i.o
LOAD bin/obj/iir_u16.o
LOAD bin/obj/sma_f.o
LOAD bin/obj/sma_i.o
LOAD bin/obj/sma_u16.o
LOAD bin/obj/wma_f.o
LOAD bin/obj/wma_i.o
LOAD bin/obj/wma_u16.o
LOAD bin/obj/stepper.o
LOAD bin/obj/pca9685.o
LOAD bin/obj/chb.o
LOAD bin/obj/chb_buf.o
LOAD bin/obj/chb_drvr.o
LOAD bin/obj/chb_eeprom.o
LOAD bin/obj/chb_spi.o
LOAD bin/obj/messages.o
LOAD bin/obj/pn532.o
LOAD bin/obj/pn532_bus_i2c.o
LOAD bin/obj/pn532_bus_uart.o
LOAD bin/obj/pn532_config.o
LOAD bin/obj/pn532_gpio.o
LOAD bin/obj/pn532_mifare_classic.o
LOAD bin/obj/pn532_mifare_ultralight.o
LOAD bin/obj/pn532_ndef.o
LOAD bin/obj/pn532_ndef_cards.o
LOAD bin/obj/spi.o
LOAD bin/obj/wifi.o
LOAD bin/obj/cc3000_common.o
LOAD bin/obj/evnt_handler.o
LOAD bin/obj/hci.o
LOAD bin/obj/netapp.o
LOAD bin/obj/nvmem.o
LOAD bin/obj/security.o
LOAD bin/obj/socket.o
LOAD bin/obj/wlan.o
LOAD bin/obj/bget.o
LOAD bin/obj/pn532_mem.o
LOAD bin/obj/rtc.o
LOAD bin/obj/pcf2129.o
LOAD bin/obj/sensors.o
LOAD bin/obj/sensorpoll.o
LOAD bin/obj/accelerometers.o
LOAD bin/obj/adxl345.o
LOAD bin/obj/lis3dh.o
LOAD bin/obj/lsm303accel.o
LOAD bin/obj/l3gd20.o
LOAD bin/obj/tsl2561.o
LOAD bin/obj/magnetometers.o
LOAD bin/obj/lsm303mag.o
LOAD bin/obj/pressure.o
LOAD bin/obj/bmp085.o
LOAD bin/obj/mpl115a2.o
LOAD bin/obj/lm75b.o
LOAD bin/obj/logger.o
LOAD bin/obj/ff.o
LOAD bin/obj/mmc.o
LOAD bin/obj/localisation.o
LOAD bin/obj/protocol.o
LOAD bin/obj/protocol_cmd_led.o
LOAD bin/obj/protocol_cmd_sysinfo.o
LOAD ./cmsis/libs/libarm_cortexM0l_math.a
LOAD ./cmsis/libs/libRTX_CM0.a
LOAD /usr/lib/gcc/arm-none-eabi/15/../../../../arm-none-eabi/lib/thumb/v6-m/nofp/libm.a
START GROUP
LOAD /usr/lib/gcc/arm-none-eabi/15/thumb/v6-m/nofp/libgcc.a
START GROUP
LOAD /usr/lib/gcc/arm-none-eabi/15/../../../../arm-none-eabi/lib/thumb/v6-m/nofp/libc.a
LOAD /usr/lib/gcc/arm-none-eabi/15/thumb/v6-m/nofp/libgcc.a
END GROUP
END GROUP
                0x10002000                        __StackTop = (ORIGIN (isram) + LENGTH (isram))

.text           0x00000000     0x6954
                0x00000000                        __text_start = .
 FILL mask 0xff
 *(.isr_vector_table)
 .isr_vector_table
                0x00000000       0xc0 bin/obj/startup_lpc11u_gnumake.o
                0x00000000                Vectors
 *(.after_vectors*)
 .after_vectors
                0x000000c0       0x74 bin/obj/startup_lpc11u_gnumake.o
                0x000000c0                NMI_Handler
                0x000000c4                HardFault_Handler
                0x000000c8                SVC_Handler
                0x000000cc                PendSV_Handler
                0x000000d0                SysTick_Handler
                0x000000d4                FLEX_INT7_IRQHandler
                0x000000d4                FLEX_INT1_IRQHandler
                0x000000d4                IntDefaultHandler
                0x000000d4                SSP0_IRQHandler
                0x000000d4                USBWakeup_IRQHandler
                0x000000d4                FLEX_INT0_IRQHandler
                0x000000d4                FLEX_INT2_IRQHandler
                0x000000d4                USB_FIQHandler
                0x000000d4                FLEX_INT5_IRQHandler
                0x000000d4                ADC_IRQHandler
                0x000000d4                SSP1_IRQHandler
                0x000000d4                FLEX_INT3_IRQHandler
                0x000000d4                USB_IRQHandler
                0x000000d4                BOD_IRQHandler
                0x000000d4                GINT0_IRQHandler
                0x000000d4                FLEX_INT4_IRQHandler
                0x000000d4                FLEX_INT6_IRQHandler
                0x000000d4                FMC_IRQHandler
                0x000000d4                GINT1_IRQHandler
                0x000000d8                Reset_Handler
 *(.text*)
 .text.SystemCoreClockUpdate
                0x00000134       0x94 bin/obj/system_LPC11Uxx.o
                0x00000134                SystemCoreClockUpdate
 .text.SystemInit
                0x000001c8       0xd8 bin/obj/system_LPC11Uxx.o
                0x000001c8                SystemInit
 .text.set_discharge_bits
                0x000002a0       0xa4 bin/obj/board_reform2.o
                0x000002a0                set_discharge_bits
 .text.measure_cell_voltages_and_control_discharge
                0x00000344      0x2d4 bin/obj/board_reform2.o
                0x00000344                measure_cell_voltages_and_control_discharge
 .text.measure_and_accumulate_current_v25
                0x00000618      0x240 bin/obj/board_reform2.o
                0x00000618                measure_and_accumulate_current_v25
 .text.turn_som_power_on
                0x00000858       0x5c bin/obj/board_reform2.o
                0x00000858                turn_som_power_on
 .text.handle_commands.part.0
                0x000008b4      0x6e0 bin/obj/board_reform2.o
 .text.boardInit
                0x00000f94      0x140 bin/obj/board_reform2.o
                0x00000f94                boardInit
 .text.handle_spi_commands
                0x000010d4      0x43c bin/obj/board_reform2.o
                0x000010d4                handle_spi_commands
 .text.WDT_IRQHandler
                0x00001510       0x18 bin/obj/board_reform2.o
                0x00001510                WDT_IRQHandler
 .text.deep_sleep_seconds
                0x00001528       0xd0 bin/obj/board_reform2.o
                0x00001528                deep_sleep_seconds
 .text.startup.main
                0x000015f8      0x3f0 bin/obj/board_reform2.o
                0x000015f8                main
 .text.TIMER16_0_IRQHandler
                0x000019e8       0x2c bin/obj/delay.o
                0x000019e8                TIMER16_0_IRQHandler
 .text.delayInit
                0x00001a14       0x6c bin/obj/delay.o
                0x00001a14                delayInit
 .text.delay    0x00001a80       0x40 bin/obj/delay.o
                0x00001a80                delay
 .text.delayGetSecondsActive
                0x00001ac0       0x28 bin/obj/delay.o
                0x00001ac0                delayGetSecondsActive
 .text.GPIOInit
                0x00001ae8       0x1c bin/obj/gpio.o
                0x00001ae8                GPIOInit
 .text.I2C_IRQHandler
                0x00001b04      0x18c bin/obj/i2c.o
                0x00001b04                I2C_IRQHandler
 .text.i2cInit  0x00001c90       0x94 bin/obj/i2c.o
                0x00001c90                i2cInit
 .text.i2cEngine
                0x00001d24       0x78 bin/obj/i2c.o
                0x00001d24                i2cEngine
 .text.PutUnsignedInt
                0x00001d9c       0x54 bin/obj/stdio.o
                0x00001d9c                PutUnsignedInt
 .text.PutSignedInt
                0x00001df0       0x84 bin/obj/stdio.o
                0x00001df0                PutSignedInt
 .text.PutHexa  0x00001e74       0x64 bin/obj/stdio.o
                0x00001e74                PutHexa
 .text.PutFloat
                0x00001ed8      0x3e4 bin/obj/stdio.o
                0x00001ed8                PutFloat
 .text.PutFloatE
                0x000022bc      0x4c8 bin/obj/stdio.o
                0x000022bc                PutFloatE
 .text.PutFloatEE
                0x00002784      0x49c bin/obj/stdio.o
                0x00002784                PutFloatEE
 .text.vsnprintf
                0x00002c20      0x1d8 bin/obj/stdio.o
                0x00002c20                vsnprintf
 .text.sprintf  0x00002df8       0x1c bin/obj/stdio.o
                0x00002df8                sprintf
 .text.memcpy   0x00002e14       0x50 bin/obj/string.o
                0x00002e14                memcpy
 .text.memset   0x00002e64       0x40 bin/obj/string.o
                0x00002e64                memset
 .text.strlen   0x00002ea4       0x14 bin/obj/string.o
                0x00002ea4                strlen
 .text.ssp0ClockFast
                0x00002eb8       0x20 bin/obj/ssp0.o
                0x00002eb8                ssp0ClockFast
 .text.ssp0Init
                0x00002ed8       0x70 bin/obj/ssp0.o
                0x00002ed8                ssp0Init
 .text.ssp1ClockSlow
                0x00002f48       0x20 bin/obj/ssp1.o
                0x00002f48                ssp1ClockSlow
 .text.ssp1Init
                0x00002f68       0x7c bin/obj/ssp1.o
                0x00002f68                ssp1Init
 .text.ssp1Send
                0x00002fe4       0x34 bin/obj/ssp1.o
                0x00002fe4                ssp1Send
 .text.ssp1Receive
                0x00003018       0x28 bin/obj/ssp1.o
                0x00003018                ssp1Receive
 .text.TIMER32_0_IRQHandler
                0x00003040       0x68 bin/obj/timer32.o
                0x00003040                TIMER32_0_IRQHandler
 .text.TIMER32_1_IRQHandler
                0x000030a8       0x68 bin/obj/timer32.o
                0x000030a8                TIMER32_1_IRQHandler
 .text.UART_IRQHandler
                0x00003110       0x68 bin/obj/uart.o
                0x00003110                UART_IRQHandler
 .text.uartGetPCB
                0x00003178        0x8 bin/obj/uart.o
                0x00003178                uartGetPCB
 .text.uartInit
                0x00003180       0xd0 bin/obj/uart.o
                0x00003180                uartInit
 .text.uartSend
                0x00003250       0x24 bin/obj/uart.o
                0x00003250                uartSend
 .text.uartRxBufferInit
                0x00003274        0xc bin/obj/uart_buf.o
                0x00003274                uartRxBufferInit
 .text.uartRxBufferRead
                0x00003280       0x1c bin/obj/uart_buf.o
                0x00003280                uartRxBufferRead
 .text.uartRxBufferWrite
                0x0000329c       0x1c bin/obj/uart_buf.o
                0x0000329c                uartRxBufferWrite
 .text.uartRxBufferDataPending
                0x000032b8       0x10 bin/obj/uart_buf.o
                0x000032b8                uartRxBufferDataPending
 .text.TIMER16_1_IRQHandler
                0x000032c8       0x28 bin/obj/sensorpoll.o
                0x000032c8                TIMER16_1_IRQHandler
 .text          0x000032f0      0x114 /usr/lib/gcc/arm-none-eabi/15/thumb/v6-m/nofp/libgcc.a(_udivsi3.o)
                0x000032f0                __udivsi3
                0x000032f0                __aeabi_uidiv
                0x000033fc                __aeabi_uidivmod
 .text          0x00003404        0x4 /usr/lib/gcc/arm-none-eabi/15/thumb/v6-m/nofp/libgcc.a(_dvmd_tls.o)
                0x00003404                __aeabi_ldiv0
                0x00003404                __aeabi_idiv0
 .text          0x00003408       0x7c /usr/lib/gcc/arm-none-eabi/15/thumb/v6-m/nofp/libgcc.a(_arm_cmpdf2.o)
                0x00003408                __aeabi_cdrcmple
                0x00003418                __aeabi_cdcmple
                0x00003418                __aeabi_cdcmpeq
                0x00003428                __aeabi_dcmpeq
                0x00003434                __aeabi_dcmplt
                0x00003448                __aeabi_dcmple
                0x0000345c                __aeabi_dcmpgt
                0x00003470                __aeabi_dcmpge
 .text          0x00003484       0x74 /usr/lib/gcc/arm-none-eabi/15/thumb/v6-m/nofp/libgcc.a(_arm_cmpsf2.o)
                0x00003484                __aeabi_cfrcmple
                0x0000348c                __aeabi_cfcmple
                0x0000348c                __aeabi_cfcmpeq
                0x0000349c                __aeabi_fcmpeq
                0x000034a8                __aeabi_fcmplt
                0x000034bc                __aeabi_fcmple
                0x000034d0                __aeabi_fcmpgt
                0x000034e4                __aeabi_fcmpge
 .text          0x000034f8       0x38 /usr/lib/gcc/arm-none-eabi/15/thumb/v6-m/nofp/libgcc.a(_fixunsdfsi.o)
                0x000034f8                __fixunsdfsi
                0x000034f8                __aeabi_d2uiz
 .text          0x00003530       0x58 /usr/lib/gcc/arm-none-eabi/15/thumb/v6-m/nofp/libgcc.a(eqsf2.o)
                0x00003530                __nesf2
                0x00003530                __eqsf2
 .text          0x00003588       0xa0 /usr/lib/gcc/arm-none-eabi/15/thumb/v6-m/nofp/libgcc.a(gesf2.o)
                0x00003588                __gtsf2
                0x00003588                __gesf2
 .text          0x00003628       0xa0 /usr/lib/gcc/arm-none-eabi/15/thumb/v6-m/nofp/libgcc.a(lesf2.o)
                0x00003628                __lesf2
                0x00003628                __ltsf2
 .text          0x000036c8      0x294 /usr/lib/gcc/arm-none-eabi/15/thumb/v6-m/nofp/libgcc.a(mulsf3.o)
                0x000036c8                __aeabi_fmul
 .text          0x0000395c      0x494 /usr/lib/gcc/arm-none-eabi/15/thumb/v6-m/nofp/libgcc.a(subsf3.o)
                0x0000395c                __aeabi_fsub
 .text          0x00003df0       0x40 /usr/lib/gcc/arm-none-eabi/15/thumb/v6-m/nofp/libgcc.a(fixsfsi.o)
                0x00003df0                __aeabi_f2iz
 .text          0x00003e30       0x90 /usr/lib/gcc/arm-none-eabi/15/thumb/v6-m/nofp/libgcc.a(floatsisf.o)
                0x00003e30                __aeabi_i2f
 .text          0x00003ec0       0x84 /usr/lib/gcc/arm-none-eabi/15/thumb/v6-m/nofp/libgcc.a(floatunsisf.o)
                0x00003ec0                __aeabi_ui2f
 .text          0x00003f44      0x828 /usr/lib/gcc/arm-none-eabi/15/thumb/v6-m/nofp/libgcc.a(adddf3.o)
                0x00003f44                __aeabi_dadd
 .text          0x0000476c      0x630 /usr/lib/gcc/arm-none-eabi/15/thumb/v6-m/nofp/libgcc.a(divdf3.o)
                0x0000476c                __aeabi_ddiv
 .text          0x00004d9c       0x94 /usr/lib/gcc/arm-none-eabi/15/thumb/v6-m/nofp/libgcc.a(eqdf2.o)
                0x00004d9c                __eqdf2
                0x00004d9c                __nedf2
 .text          0x00004e30       0xd4 /usr/lib/gcc/arm-none-eabi/15/thumb/v6-m/nofp/libgcc.a(gedf2.o)
                0x00004e30                __gtdf2
                0x00004e30                __gedf2
 .text          0x00004f04       0xd4 /usr/lib/gcc/arm-none-eabi/15/thumb/v6-m/nofp/libgcc.a(ledf2.o)
                0x00004f04                __ltdf2
                0x00004f04                __ledf2
 .text          0x00004fd8      0x570 /usr/lib/gcc/arm-none-eabi/15/thumb/v6-m/nofp/libgcc.a(muldf3.o)
                0x00004fd8                __aeabi_dmul
 .text          0x00005548      0x814 /usr/lib/gcc/arm-none-eabi/15/thumb/v6-m/nofp/libgcc.a(subdf3.o)
                0x00005548                __aeabi_dsub
 .text          0x00005d5c       0x70 /usr/lib/gcc/arm-none-eabi/15/thumb/v6-m/nofp/libgcc.a(fixdfsi.o)
                0x00005d5c                __aeabi_d2iz
 .text          0x00005dcc       0x68 /usr/lib/gcc/arm-none-eabi/15/thumb/v6-m/nofp/libgcc.a(floatsidf.o)
                0x00005dcc                __aeabi_i2d
 .text          0x00005e34       0x8c /usr/lib/gcc/arm-none-eabi/15/thumb/v6-m/nofp/libgcc.a(extendsfdf2.o)
                0x00005e34                __aeabi_f2d
 .text          0x00005ec0      0x120 /usr/lib/gcc/arm-none-eabi/15/thumb/v6-m/nofp/libgcc.a(truncdfsf2.o)
                0x00005ec0                __aeabi_d2f
 .text          0x00005fe0       0x3c /usr/lib/gcc/arm-none-eabi/15/thumb/v6-m/nofp/libgcc.a(_clzsi2.o)
                0x00005fe0                __clzsi2
 .text          0x0000601c      0x1d0 /usr/lib/gcc/arm-none-eabi/15/thumb/v6-m/nofp/libgcc.a(_divdi3.o)
                0x0000601c                __divdi3
 .text          0x000061ec       0x18 /usr/lib/gcc/arm-none-eabi/15/thumb/v6-m/nofp/libgcc.a(_clzdi2.o)
                0x000061ec                __clzdi2
 *(.rodata .rodata.*)
 .rodata.CSWTCH.5
                0x00006204       0x3c bin/obj/system_LPC11Uxx.o
 .rodata.handle_commands.part.0.str1.4
                0x00006240      0x361 bin/obj/board_reform2.o
                                0x2f0 (size before relaxing)
 *fill*         0x000065a1        0x3 ff
 .rodata.handle_commands.part.0
                0x000065a4       0xf0 bin/obj/board_reform2.o
 .rodata.handle_spi_commands.str1.4
                0x00006694        0x0 bin/obj/board_reform2.o
                                 0x6d (size before relaxing)
 .rodata.handle_spi_commands
                0x00006694       0x50 bin/obj/board_reform2.o
 .rodata.main   0x000066e4       0x1c bin/obj/board_reform2.o
 .rodata.I2C_IRQHandler
                0x00006700      0x144 bin/obj/i2c.o
 .rodata.vsnprintf
                0x00006844       0xd0 bin/obj/stdio.o
 .rodata        0x00006914       0x40 /usr/lib/gcc/arm-none-eabi/15/thumb/v6-m/nofp/libgcc.a(divdf3.o)
                0x00006954                        . = ALIGN (0x4)
                0x00006954                        __text_end = .

.glue_7         0x00006954        0x0
 .glue_7        0x00006954        0x0 linker stubs

.glue_7t        0x00006954        0x0
 .glue_7t       0x00006954        0x0 linker stubs

.vfp11_veneer   0x00006954        0x0
 .vfp11_veneer  0x00006954        0x0 linker stubs

.v4_bx          0x00006954        0x0
 .v4_bx         0x00006954        0x0 linker stubs

.iplt           0x00006954        0x0
 .iplt          0x00006954        0x0 bin/obj/startup_lpc11u_gnumake.o

.ARM.extab      0x00006954        0x0
 *(.ARM.extab* .gnu.linkonce.armextab.*)
 .ARM.extab     0x00006954        0x0 /usr/lib/gcc/arm-none-eabi/15/thumb/v6-m/nofp/libgcc.a(_divdi3.o)
                0x00006954                        __exidx_start = .

.ARM.exidx      0x00006954        0x8
 *(.ARM.exidx* .gnu.linkonce.armexidx.*)
 .ARM.exidx     0x00006954        0x8 /usr/lib/gcc/arm-none-eabi/15/thumb/v6-m/nofp/libgcc.a(_divdi3.o)
                0x0000695c                        __exidx_end = .

.rel.dyn        0x0000695c        0x0
 .rel.iplt      0x0000695c        0x0 bin/obj/startup_lpc11u_gnumake.o

.usb_ram        0x20004000        0x0
 FILL mask 0xff
 *(USB_RAM)

.bss            0x10000100      0x37c
                0x10000100                        __bss_start = .
 *(.bss*)
 .bss.ac_power_prev.0
                0x10000100        0x1 bin/obj/board_reform2.o
 *fill*         0x10000101        0x3 
 .bss.spi_rxlen
                0x10000104        0x4 bin/obj/board_reform2.o
 .bss.cmd_echo  0x10000108        0x4 bin/obj/board_reform2.o
                0x10000108                cmd_echo
 .bss.cmd_number
                0x1000010c        0x4 bin/obj/board_reform2.o
                0x1000010c                cmd_number
 .bss.cmd_state
                0x10000110        0x1 bin/obj/board_reform2.o
                0x10000110                cmd_state
 .bss.remote_cmd
                0x10000111        0x1 bin/obj/board_reform2.o
                0x10000111                remote_cmd
 *fill*         0x10000112        0x2 
 .bss.charge_ramp
                0x10000114        0x4 bin/obj/board_reform2.o
                0x10000114                charge_ramp
 .bss.spi_debug_enabled
                0x10000118        0x1 bin/obj/board_reform2.o
                0x10000118                spi_debug_enabled
 .bss.imx_uart_enabled
                0x10000119        0x1 bin/obj/board_reform2.o
                0x10000119                imx_uart_enabled
 .bss.som_is_powered
                0x1000011a        0x1 bin/obj/board_reform2.o
                0x1000011a                som_is_powered
 *fill*         0x1000011b        0x1 
 .bss.spir      0x1000011c       0x40 bin/obj/board_reform2.o
                0x1000011c                spir
 .bss.missing_reason
                0x1000015c        0x2 bin/obj/board_reform2.o
                0x1000015c                missing_reason
 .bss.missing_bits
                0x1000015e        0x2 bin/obj/board_reform2.o
                0x1000015e                missing_bits
 .bss.undervoltage_bits
                0x10000160        0x2 bin/obj/board_reform2.o
                0x10000160                undervoltage_bits
 .bss.overvoltage_bits
                0x10000162        0x2 bin/obj/board_reform2.o
                0x10000162                overvoltage_bits
 .bss.discharge_bits
                0x10000164        0x2 bin/obj/board_reform2.o
                0x10000164                discharge_bits
 .bss.reached_full_charge
                0x10000166        0x1 bin/obj/board_reform2.o
                0x10000166                reached_full_charge
 *fill*         0x10000167        0x1 
 .bss.num_missing_cells
                0x10000168        0x4 bin/obj/board_reform2.o
                0x10000168                num_missing_cells
 .bss.num_overvolted_cells
                0x1000016c        0x4 bin/obj/board_reform2.o
                0x1000016c                num_overvolted_cells
 .bss.num_fully_charged_cells
                0x10000170        0x4 bin/obj/board_reform2.o
                0x10000170                num_fully_charged_cells
 .bss.num_undervolted_critical_cells
                0x10000174        0x4 bin/obj/board_reform2.o
                0x10000174                num_undervolted_critical_cells
 .bss.num_undervolted_cells
                0x10000178        0x4 bin/obj/board_reform2.o
                0x10000178                num_undervolted_cells
 .bss.cells_v   0x1000017c       0x20 bin/obj/board_reform2.o
                0x1000017c                cells_v
 .bss.uartBuffer
                0x1000019c       0xff bin/obj/board_reform2.o
                0x1000019c                uartBuffer
 *fill*         0x1000029b        0x1 
 .bss.lastTime  0x1000029c        0x4 bin/obj/board_reform2.o
                0x1000029c                lastTime
 .bss.current   0x100002a0        0x4 bin/obj/board_reform2.o
                0x100002a0                current
 .bss.volts     0x100002a4        0x4 bin/obj/board_reform2.o
                0x100002a4                volts
 .bss.capacity_percentage
                0x100002a8        0x4 bin/obj/board_reform2.o
                0x100002a8                capacity_percentage
 .bss.last_second
                0x100002ac        0x4 bin/obj/board_reform2.o
                0x100002ac                last_second
 .bss.cur_second
                0x100002b0        0x4 bin/obj/board_reform2.o
                0x100002b0                cur_second
 .bss.cycles_uptime
                0x100002b4        0x4 bin/obj/board_reform2.o
                0x100002b4                cycles_uptime
 .bss.cycles_in_state
                0x100002b8        0x4 bin/obj/board_reform2.o
                0x100002b8                cycles_in_state
 .bss.state     0x100002bc        0x4 bin/obj/board_reform2.o
                0x100002bc                state
 .bss.delayRollovers
                0x100002c0        0x4 bin/obj/delay.o
                0x100002c0                delayRollovers
 .bss.delayTicks
                0x100002c4        0x4 bin/obj/delay.o
                0x100002c4                delayTicks
 .bss._I2cMode  0x100002c8        0x4 bin/obj/i2c.o
                0x100002c8                _I2cMode
 .bss.I2CWrIndex
                0x100002cc        0x4 bin/obj/i2c.o
                0x100002cc                I2CWrIndex
 .bss.I2CRdIndex
                0x100002d0        0x4 bin/obj/i2c.o
                0x100002d0                I2CRdIndex
 .bss.i2c_write_len
                0x100002d4        0x4 bin/obj/i2c.o
                0x100002d4                i2c_write_len
 .bss.i2c_read_len
                0x100002d8        0x4 bin/obj/i2c.o
                0x100002d8                i2c_read_len
 .bss.i2c_read_buf
                0x100002dc       0x40 bin/obj/i2c.o
                0x100002dc                i2c_read_buf
 .bss.i2c_write_buf
                0x1000031c       0x40 bin/obj/i2c.o
                0x1000031c                i2c_write_buf
 .bss.I2CSlaveState
                0x1000035c        0x4 bin/obj/i2c.o
                0x1000035c                I2CSlaveState
 .bss.I2CMasterState
                0x10000360        0x4 bin/obj/i2c.o
                0x10000360                I2CMasterState
 .bss.uart_pcb  0x10000364      0x114 bin/obj/uart.o
 .bss.sensorpoll_counter
                0x10000478        0x4 bin/obj/sensorpoll.o
                0x10000478                sensorpoll_counter
 rt_*.o(COMMON)
 *(COMMON)
 bin/obj/usbd.o(COMMON)
 *(.heap)
                0x1000047c                        __fixed_heap_end = .
 *(.stack)
                0x1000047c                        . = ALIGN (0x4)
                0x1000047c                        __bss_end = .
                [!provide]                        PROVIDE (end = .)
                0x0000695c                        __data_load_addr = LOADADDR (.data)

.data           0x1000047c       0x18 load address 0x0000695c
 FILL mask 0xff
                0x1000047c                        __data_start = .
 *(.data*)
 .data.SystemCoreClock
                0x1000047c        0x4 bin/obj/system_LPC11Uxx.o
                0x1000047c                SystemCoreClock
 .data.soft_start
                0x10000480        0x4 bin/obj/board_reform2.o
                0x10000480                soft_start
 .data.capacity_min_ampsecs
                0x10000484        0x4 bin/obj/board_reform2.o
                0x10000484                capacity_min_ampsecs
 .data.capacity_accu_ampsecs
                0x10000488        0x4 bin/obj/board_reform2.o
                0x10000488                capacity_accu_ampsecs
 .data.capacity_max_ampsecs
                0x1000048c        0x4 bin/obj/board_reform2.o
                0x1000048c                capacity_max_ampsecs
 .data.powersave_holdoff_cycles
                0x10000490        0x4 bin/obj/board_reform2.o
                0x10000490                powersave_holdoff_cycles
                0x10000494                        . = ALIGN (0x4)
                0x10000494                        __data_end = .
                [!provide]                        PROVIDE (_pvHeapStart = .)
OUTPUT(bin/firmware.elf elf32-littlearm)
LOAD linker stubs

.igot.plt       0x10000494        0x0 load address 0x00006974
 .igot.plt      0x10000494        0x0 bin/obj/startup_lpc11u_gnumake.o

.debug_info     0x00000000    0x11423
 .debug_info    0x00000000      0x1a0 bin/obj/startup_lpc11u_gnumake.o
 .debug_info    0x000001a0      0x534 bin/obj/system_LPC11Uxx.o
 .debug_info    0x000006d4     0x331d bin/obj/board_reform2.o
 .debug_info    0x000039f1      0xa68 bin/obj/delay.o
 .debug_info    0x00004459      0xe68 bin/obj/gpio.o
 .debug_info    0x000052c1      0xd49 bin/obj/i2c.o
 .debug_info    0x0000600a     0x2cbb bin/obj/stdio.o
 .debug_info    0x00008cc5      0x620 bin/obj/string.o
 .debug_info    0x000092e5      0x8e6 bin/obj/ssp0.o
 .debug_info    0x00009bcb      0x8e6 bin/obj/ssp1.o
 .debug_info    0x0000a4b1      0xc0c bin/obj/timer32.o
 .debug_info    0x0000b0bd      0xe27 bin/obj/uart.o
 .debug_info    0x0000bee4      0x36a bin/obj/uart_buf.o
 .debug_info    0x0000c24e      0xa27 bin/obj/sensorpoll.o
 .debug_info    0x0000cc75       0x3e /usr/lib/gcc/arm-none-eabi/15/thumb/v6-m/nofp/libgcc.a(_udivsi3.o)
 .debug_info    0x0000ccb3       0x3c /usr/lib/gcc/arm-none-eabi/15/thumb/v6-m/nofp/libgcc.a(_dvmd_tls.o)
 .debug_info    0x0000ccef       0x7e /usr/lib/gcc/arm-none-eabi/15/thumb/v6-m/nofp/libgcc.a(_arm_cmpdf2.o)
 .debug_info    0x0000cd6d       0x7e /usr/lib/gcc/arm-none-eabi/15/thumb/v6-m/nofp/libgcc.a(_arm_cmpsf2.o)
 .debug_info    0x0000cdeb      0x335 /usr/lib/gcc/arm-none-eabi/15/thumb/v6-m/nofp/libgcc.a(_fixunsdfsi.o)
 .debug_info    0x0000d120      0x208 /usr/lib/gcc/arm-none-eabi/15/thumb/v6-m/nofp/libgcc.a(eqsf2.o)
 .debug_info    0x0000d328      0x224 /usr/lib/gcc/arm-none-eabi/15/thumb/v6-m/nofp/libgcc.a(gesf2.o)
 .debug_info    0x0000d54c      0x224 /usr/lib/gcc/arm-none-eabi/15/thumb/v6-m/nofp/libgcc.a(lesf2.o)
 .debug_info    0x0000d770      0x3ae /usr/lib/gcc/arm-none-eabi/15/thumb/v6-m/nofp/libgcc.a(mulsf3.o)
 .debug_info    0x0000db1e      0x32f /usr/lib/gcc/arm-none-eabi/15/thumb/v6-m/nofp/libgcc.a(subsf3.o)
 .debug_info    0x0000de4d      0x1ad /usr/lib/gcc/arm-none-eabi/15/thumb/v6-m/nofp/libgcc.a(fixsfsi.o)
 .debug_info    0x0000dffa      0x233 /usr/lib/gcc/arm-none-eabi/15/thumb/v6-m/nofp/libgcc.a(floatsisf.o)
 .debug_info    0x0000e22d      0x222 /usr/lib/gcc/arm-none-eabi/15/thumb/v6-m/nofp/libgcc.a(floatunsisf.o)
 .debug_info    0x0000e44f      0x56f /usr/lib/gcc/arm-none-eabi/15/thumb/v6-m/nofp/libgcc.a(adddf3.o)
 .debug_info    0x0000e9be      0x7ad /usr/lib/gcc/arm-none-eabi/15/thumb/v6-m/nofp/libgcc.a(divdf3.o)
 .debug_info    0x0000f16b      0x248 /usr/lib/gcc/arm-none-eabi/15/thumb/v6-m/nofp/libgcc.a(eqdf2.o)
 .debug_info    0x0000f3b3      0x256 /usr/lib/gcc/arm-none-eabi/15/thumb/v6-m/nofp/libgcc.a(gedf2.o)
 .debug_info    0x0000f609      0x256 /usr/lib/gcc/arm-none-eabi/15/thumb/v6-m/nofp/libgcc.a(ledf2.o)
 .debug_info    0x0000f85f      0x7c2 /usr/lib/gcc/arm-none-eabi/15/thumb/v6-m/nofp/libgcc.a(muldf3.o)
 .debug_info    0x00010021      0x585 /usr/lib/gcc/arm-none-eabi/15/thumb/v6-m/nofp/libgcc.a(subdf3.o)
 .debug_info    0x000105a6      0x1bf /usr/lib/gcc/arm-none-eabi/15/thumb/v6-m/nofp/libgcc.a(fixdfsi.o)
 .debug_info    0x00010765      0x290 /usr/lib/gcc/arm-none-eabi/15/thumb/v6-m/nofp/libgcc.a(floatsidf.o)
 .debug_info    0x000109f5      0x26e /usr/lib/gcc/arm-none-eabi/15/thumb/v6-m/nofp/libgcc.a(extendsfdf2.o)
 .debug_info    0x00010c63      0x28b /usr/lib/gcc/arm-none-eabi/15/thumb/v6-m/nofp/libgcc.a(truncdfsf2.o)
 .debug_info    0x00010eee       0x31 /usr/lib/gcc/arm-none-eabi/15/thumb/v6-m/nofp/libgcc.a(_clzsi2.o)
 .debug_info    0x00010f1f      0x4e0 /usr/lib/gcc/arm-none-eabi/15/thumb/v6-m/nofp/libgcc.a(_divdi3.o)
 .debug_info    0x000113ff       0x24 /usr/lib/gcc/arm-none-eabi/15/thumb/v6-m/nofp/libgcc.a(_clzdi2.o)

.debug_abbrev   0x00000000     0x41e8
 .debug_abbrev  0x00000000      0x11f bin/obj/startup_lpc11u_gnumake.o
 .debug_abbrev  0x0000011f      0x13e bin/obj/system_LPC11Uxx.o
 .debug_abbrev  0x0000025d      0x609 bin/obj/board_reform2.o
 .debug_abbrev  0x00000866      0x2aa bin/obj/delay.o
 .debug_abbrev  0x00000b10      0x310 bin/obj/gpio.o
 .debug_abbrev  0x00000e20      0x2f1 bin/obj/i2c.o
 .debug_abbrev  0x00001111      0x353 bin/obj/stdio.o
 .debug_abbrev  0x00001464      0x19a bin/obj/string.o
 .debug_abbrev  0x000015fe      0x19c bin/obj/ssp0.o
 .debug_abbrev  0x0000179a      0x19c bin/obj/ssp1.o
 .debug_abbrev  0x00001936      0x338 bin/obj/timer32.o
 .debug_abbrev  0x00001c6e      0x30d bin/obj/uart.o
 .debug_abbrev  0x00001f7b      0x193 bin/obj/uart_buf.o
 .debug_abbrev  0x0000210e      0x2a0 bin/obj/sensorpoll.o
 .debug_abbrev  0x000023ae       0x28 /usr/lib/gcc/arm-none-eabi/15/thumb/v6-m/nofp/libgcc.a(_udivsi3.o)
 .debug_abbrev  0x000023d6       0x26 /usr/lib/gcc/arm-none-eabi/15/thumb/v6-m/nofp/libgcc.a(_dvmd_tls.o)
 .debug_abbrev  0x000023fc       0x28 /usr/lib/gcc/arm-none-eabi/15/thumb/v6-m/nofp/libgcc.a(_arm_cmpdf2.o)
 .debug_abbrev  0x00002424       0x28 /usr/lib/gcc/arm-none-eabi/15/thumb/v6-m/nofp/libgcc.a(_arm_cmpsf2.o)
 .debug_abbrev  0x0000244c       0xf3 /usr/lib/gcc/arm-none-eabi/15/thumb/v6-m/nofp/libgcc.a(_fixunsdfsi.o)
 .debug_abbrev  0x0000253f      0x147 /usr/lib/gcc/arm-none-eabi/15/thumb/v6-m/nofp/libgcc.a(eqsf2.o)
 .debug_abbrev  0x00002686      0x160 /usr/lib/gcc/arm-none-eabi/15/thumb/v6-m/nofp/libgcc.a(gesf2.o)
 .debug_abbrev  0x000027e6      0x160 /usr/lib/gcc/arm-none-eabi/15/thumb/v6-m/nofp/libgcc.a(lesf2.o)
 .debug_abbrev  0x00002946      0x16a /usr/lib/gcc/arm-none-eabi/15/thumb/v6-m/nofp/libgcc.a(mulsf3.o)
 .debug_abbrev  0x00002ab0      0x172 /usr/lib/gcc/arm-none-eabi/15/thumb/v6-m/nofp/libgcc.a(subsf3.o)
 .debug_abbrev  0x00002c22      0x15a /usr/lib/gcc/arm-none-eabi/15/thumb/v6-m/nofp/libgcc.a(fixsfsi.o)
 .debug_abbrev  0x00002d7c      0x176 /usr/lib/gcc/arm-none-eabi/15/thumb/v6-m/nofp/libgcc.a(floatsisf.o)
 .debug_abbrev  0x00002ef2      0x186 /usr/lib/gcc/arm-none-eabi/15/thumb/v6-m/nofp/libgcc.a(floatunsisf.o)
 .debug_abbrev  0x00003078      0x184 /usr/lib/gcc/arm-none-eabi/15/thumb/v6-m/nofp/libgcc.a(adddf3.o)
 .debug_abbrev  0x000031fc      0x172 /usr/lib/gcc/arm-none-eabi/15/thumb/v6-m/nofp/libgcc.a(divdf3.o)
 .debug_abbrev  0x0000336e      0x15d /usr/lib/gcc/arm-none-eabi/15/thumb/v6-m/nofp/libgcc.a(eqdf2.o)
 .debug_abbrev  0x000034cb      0x15f /usr/lib/gcc/arm-none-eabi/15/thumb/v6-m/nofp/libgcc.a(gedf2.o)
 .debug_abbrev  0x0000362a      0x15f /usr/lib/gcc/arm-none-eabi/15/thumb/v6-m/nofp/libgcc.a(ledf2.o)
 .debug_abbrev  0x00003789      0x183 /usr/lib/gcc/arm-none-eabi/15/thumb/v6-m/nofp/libgcc.a(muldf3.o)
 .debug_abbrev  0x0000390c      0x184 /usr/lib/gcc/arm-none-eabi/15/thumb/v6-m/nofp/libgcc.a(subdf3.o)
 .debug_abbrev  0x00003a90      0x15b /usr/lib/gcc/arm-none-eabi/15/thumb/v6-m/nofp/libgcc.a(fixdfsi.o)
 .debug_abbrev  0x00003beb      0x173 /usr/lib/gcc/arm-none-eabi/15/thumb/v6-m/nofp/libgcc.a(floatsidf.o)
 .debug_abbrev  0x00003d5e      0x15d /usr/lib/gcc/arm-none-eabi/15/thumb/v6-m/nofp/libgcc.a(extendsfdf2.o)
 .debug_abbrev  0x00003ebb      0x13d /usr/lib/gcc/arm-none-eabi/15/thumb/v6-m/nofp/libgcc.a(truncdfsf2.o)
 .debug_abbrev  0x00003ff8       0x28 /usr/lib/gcc/arm-none-eabi/15/thumb/v6-m/nofp/libgcc.a(_clzsi2.o)
 .debug_abbrev  0x00004020      0x1b4 /usr/lib/gcc/arm-none-eabi/15/thumb/v6-m/nofp/libgcc.a(_divdi3.o)
 .debug_abbrev  0x000041d4       0x14 /usr/lib/gcc/arm-none-eabi/15/thumb/v6-m/nofp/libgcc.a(_clzdi2.o)

.debug_loclists
                0x00000000     0xf9ef
 .debug_loclists
                0x00000000       0x22 bin/obj/startup_lpc11u_gnumake.o
 .debug_loclists
                0x00000022       0x87 bin/obj/system_LPC11Uxx.o
 .debug_loclists
                0x000000a9      0x8bd bin/obj/board_reform2.o
 .debug_loclists
                0x00000966       0xa2 bin/obj/delay.o
 .debug_loclists
                0x00000a08      0x6b3 bin/obj/gpio.o
 .debug_loclists
                0x000010bb       0xaa bin/obj/i2c.o
 .debug_loclists
                0x00001165     0x5152 bin/obj/stdio.o
 .debug_loclists
                0x000062b7      0x8e9 bin/obj/string.o
 .debug_loclists
                0x00006ba0       0x93 bin/obj/ssp0.o
 .debug_loclists
                0x00006c33       0x93 bin/obj/ssp1.o
 .debug_loclists
                0x00006cc6      0x21e bin/obj/timer32.o
 .debug_loclists
                0x00006ee4       0xf4 bin/obj/uart.o
 .debug_loclists
                0x00006fd8      0x10a bin/obj/uart_buf.o
 .debug_loclists
                0x000070e2       0x30 bin/obj/sensorpoll.o
 .debug_loclists
                0x00007112       0x25 /usr/lib/gcc/arm-none-eabi/15/thumb/v6-m/nofp/libgcc.a(_fixunsdfsi.o)
 .debug_loclists
                0x00007137       0x9a /usr/lib/gcc/arm-none-eabi/15/thumb/v6-m/nofp/libgcc.a(eqsf2.o)
 .debug_loclists
                0x000071d1      0x147 /usr/lib/gcc/arm-none-eabi/15/thumb/v6-m/nofp/libgcc.a(gesf2.o)
 .debug_loclists
                0x00007318      0x175 /usr/lib/gcc/arm-none-eabi/15/thumb/v6-m/nofp/libgcc.a(lesf2.o)
 .debug_loclists
                0x0000748d      0x672 /usr/lib/gcc/arm-none-eabi/15/thumb/v6-m/nofp/libgcc.a(mulsf3.o)
 .debug_loclists
                0x00007aff      0xdb7 /usr/lib/gcc/arm-none-eabi/15/thumb/v6-m/nofp/libgcc.a(subsf3.o)
 .debug_loclists
                0x000088b6       0x81 /usr/lib/gcc/arm-none-eabi/15/thumb/v6-m/nofp/libgcc.a(fixsfsi.o)
 .debug_loclists
                0x00008937      0x244 /usr/lib/gcc/arm-none-eabi/15/thumb/v6-m/nofp/libgcc.a(floatsisf.o)
 .debug_loclists
                0x00008b7b      0x1ab /usr/lib/gcc/arm-none-eabi/15/thumb/v6-m/nofp/libgcc.a(floatunsisf.o)
 .debug_loclists
                0x00008d26     0x19b5 /usr/lib/gcc/arm-none-eabi/15/thumb/v6-m/nofp/libgcc.a(adddf3.o)
 .debug_loclists
                0x0000a6db     0x186f /usr/lib/gcc/arm-none-eabi/15/thumb/v6-m/nofp/libgcc.a(divdf3.o)
 .debug_loclists
                0x0000bf4a      0x130 /usr/lib/gcc/arm-none-eabi/15/thumb/v6-m/nofp/libgcc.a(eqdf2.o)
 .debug_loclists
                0x0000c07a      0x328 /usr/lib/gcc/arm-none-eabi/15/thumb/v6-m/nofp/libgcc.a(gedf2.o)
 .debug_loclists
                0x0000c3a2      0x33d /usr/lib/gcc/arm-none-eabi/15/thumb/v6-m/nofp/libgcc.a(ledf2.o)
 .debug_loclists
                0x0000c6df      0xeef /usr/lib/gcc/arm-none-eabi/15/thumb/v6-m/nofp/libgcc.a(muldf3.o)
 .debug_loclists
                0x0000d5ce     0x1849 /usr/lib/gcc/arm-none-eabi/15/thumb/v6-m/nofp/libgcc.a(subdf3.o)
 .debug_loclists
                0x0000ee17       0x5c /usr/lib/gcc/arm-none-eabi/15/thumb/v6-m/nofp/libgcc.a(fixdfsi.o)
 .debug_loclists
                0x0000ee73      0x1d1 /usr/lib/gcc/arm-none-eabi/15/thumb/v6-m/nofp/libgcc.a(floatsidf.o)
 .debug_loclists
                0x0000f044      0x16c /usr/lib/gcc/arm-none-eabi/15/thumb/v6-m/nofp/libgcc.a(extendsfdf2.o)
 .debug_loclists
                0x0000f1b0      0x33b /usr/lib/gcc/arm-none-eabi/15/thumb/v6-m/nofp/libgcc.a(truncdfsf2.o)
 .debug_loclists
                0x0000f4eb      0x504 /usr/lib/gcc/arm-none-eabi/15/thumb/v6-m/nofp/libgcc.a(_divdi3.o)

.debug_aranges  0x00000000      0x890
 .debug_aranges
                0x00000000       0x50 bin/obj/startup_lpc11u_gnumake.o
 .debug_aranges
                0x00000050       0x28 bin/obj/system_LPC11Uxx.o
 .debug_aranges
                0x00000078      0x110 bin/obj/board_reform2.o
 .debug_aranges
                0x00000188       0x48 bin/obj/delay.o
 .debug_aranges
                0x000001d0       0x68 bin/obj/gpio.o
 .debug_aranges
                0x00000238       0x38 bin/obj/i2c.o
 .debug_aranges
                0x00000270       0x88 bin/obj/stdio.o
 .debug_aranges
                0x000002f8       0x80 bin/obj/string.o
 .debug_aranges
                0x00000378       0x40 bin/obj/ssp0.o
 .debug_aranges
                0x000003b8       0x40 bin/obj/ssp1.o
 .debug_aranges
                0x000003f8       0x68 bin/obj/timer32.o
 .debug_aranges
                0x00000460       0x40 bin/obj/uart.o
 .debug_aranges
                0x000004a0       0x48 bin/obj/uart_buf.o
 .debug_aranges
                0x000004e8       0x48 bin/obj/sensorpoll.o
 .debug_aranges
                0x00000530       0x20 /usr/lib/gcc/arm-none-eabi/15/thumb/v6-m/nofp/libgcc.a(_udivsi3.o)
 .debug_aranges
                0x00000550       0x20 /usr/lib/gcc/arm-none-eabi/15/thumb/v6-m/nofp/libgcc.a(_dvmd_tls.o)
 .debug_aranges
                0x00000570       0x20 /usr/lib/gcc/arm-none-eabi/15/thumb/v6-m/nofp/libgcc.a(_arm_cmpdf2.o)
 .debug_aranges
                0x00000590       0x20 /usr/lib/gcc/arm-none-eabi/15/thumb/v6-m/nofp/libgcc.a(_arm_cmpsf2.o)
 .debug_aranges
                0x000005b0       0x20 /usr/lib/gcc/arm-none-eabi/15/thumb/v6-m/nofp/libgcc.a(_fixunsdfsi.o)
 .debug_aranges
                0x000005d0       0x20 /usr/lib/gcc/arm-none-eabi/15/thumb/v6-m/nofp/libgcc.a(eqsf2.o)
 .debug_aranges
                0x000005f0       0x20 /usr/lib/gcc/arm-none-eabi/15/thumb/v6-m/nofp/libgcc.a(gesf2.o)
 .debug_aranges
                0x00000610       0x20 /usr/lib/gcc/arm-none-eabi/15/thumb/v6-m/nofp/libgcc.a(lesf2.o)
 .debug_aranges
                0x00000630       0x20 /usr/lib/gcc/arm-none-eabi/15/thumb/v6-m/nofp/libgcc.a(mulsf3.o)
 .debug_aranges
                0x00000650       0x20 /usr/lib/gcc/arm-none-eabi/15/thumb/v6-m/nofp/libgcc.a(subsf3.o)
 .debug_aranges
                0x00000670       0x20 /usr/lib/gcc/arm-none-eabi/15/thumb/v6-m/nofp/libgcc.a(fixsfsi.o)
 .debug_aranges
                0x00000690       0x20 /usr/lib/gcc/arm-none-eabi/15/thumb/v6-m/nofp/libgcc.a(floatsisf.o)
 .debug_aranges
                0x000006b0       0x20 /usr/lib/gcc/arm-none-eabi/15/thumb/v6-m/nofp/libgcc.a(floatunsisf.o)
 .debug_aranges
                0x000006d0       0x20 /usr/lib/gcc/arm-none-eabi/15/thumb/v6-m/nofp/libgcc.a(adddf3.o)
 .debug_aranges
                0x000006f0       0x20 /usr/lib/gcc/arm-none-eabi/15/thumb/v6-m/nofp/libgcc.a(divdf3.o)
 .debug_aranges
                0x00000710       0x20 /usr/lib/gcc/arm-none-eabi/15/thumb/v6-m/nofp/libgcc.a(eqdf2.o)
 .debug_aranges
                0x00000730       0x20 /usr/lib/gcc/arm-none-eabi/15/thumb/v6-m/nofp/libgcc.a(gedf2.o)
 .debug_aranges
                0x00000750       0x20 /usr/lib/gcc/arm-none-eabi/15/thumb/v6-m/nofp/libgcc.a(ledf2.o)
 .debug_aranges
                0x00000770       0x20 /usr/lib/gcc/arm-none-eabi/15/thumb/v6-m/nofp/libgcc.a(muldf3.o)
 .debug_aranges
                0x00000790       0x20 /usr/lib/gcc/arm-none-eabi/15/thumb/v6-m/nofp/libgcc.a(subdf3.o)
 .debug_aranges
                0x000007b0       0x20 /usr/lib/gcc/arm-none-eabi/15/thumb/v6-m/nofp/libgcc.a(fixdfsi.o)
 .debug_aranges
                0x000007d0       0x20 /usr/lib/gcc/arm-none-eabi/15/thumb/v6-m/nofp/libgcc.a(floatsidf.o)
 .debug_aranges
                0x000007f0       0x20 /usr/lib/gcc/arm-none-eabi/15/thumb/v6-m/nofp/libgcc.a(extendsfdf2.o)
 .debug_aranges
                0x00000810       0x20 /usr/lib/gcc/arm-none-eabi/15/thumb/v6-m/nofp/libgcc.a(truncdfsf2.o)
 .debug_aranges
                0x00000830       0x20 /usr/lib/gcc/arm-none-eabi/15/thumb/v6-m/nofp/libgcc.a(_clzsi2.o)
 .debug_aranges
                0x00000850       0x20 /usr/lib/gcc/arm-none-eabi/15/thumb/v6-m/nofp/libgcc.a(_divdi3.o)
 .debug_aranges
                0x00000870       0x20 /usr/lib/gcc/arm-none-eabi/15/thumb/v6-m/nofp/libgcc.a(_clzdi2.o)

.debug_rnglists
                0x00000000     0x1f17
 .debug_rnglists
                0x00000000       0x37 bin/obj/startup_lpc11u_gnumake.o
 .debug_rnglists
                0x00000037       0x1b bin/obj/system_LPC11Uxx.o
 .debug_rnglists
                0x00000052      0x32f bin/obj/board_reform2.o
 .debug_rnglists
                0x00000381       0x40 bin/obj/delay.o
 .debug_rnglists
                0x000003c1       0xab bin/obj/gpio.o
 .debug_rnglists
                0x0000046c       0x27 bin/obj/i2c.o
 .debug_rnglists
                0x00000493      0x989 bin/obj/stdio.o
 .debug_rnglists
                0x00000e1c       0x5b bin/obj/string.o
 .debug_rnglists
                0x00000e77       0x2b bin/obj/ssp0.o
 .debug_rnglists
                0x00000ea2       0x2b bin/obj/ssp1.o
 .debug_rnglists
                0x00000ecd       0x64 bin/obj/timer32.o
 .debug_rnglists
                0x00000f31       0x47 bin/obj/uart.o
 .debug_rnglists
                0x00000f78       0x31 bin/obj/uart_buf.o
 .debug_rnglists
                0x00000fa9       0x3d bin/obj/sensorpoll.o
 .debug_rnglists
                0x00000fe6       0x23 /usr/lib/gcc/arm-none-eabi/15/thumb/v6-m/nofp/libgcc.a(eqsf2.o)
 .debug_rnglists
                0x00001009       0x2d /usr/lib/gcc/arm-none-eabi/15/thumb/v6-m/nofp/libgcc.a(gesf2.o)
 .debug_rnglists
                0x00001036       0x28 /usr/lib/gcc/arm-none-eabi/15/thumb/v6-m/nofp/libgcc.a(lesf2.o)
 .debug_rnglists
                0x0000105e       0x83 /usr/lib/gcc/arm-none-eabi/15/thumb/v6-m/nofp/libgcc.a(mulsf3.o)
 .debug_rnglists
                0x000010e1      0x206 /usr/lib/gcc/arm-none-eabi/15/thumb/v6-m/nofp/libgcc.a(subsf3.o)
 .debug_rnglists
                0x000012e7       0x1a /usr/lib/gcc/arm-none-eabi/15/thumb/v6-m/nofp/libgcc.a(fixsfsi.o)
 .debug_rnglists
                0x00001301       0x41 /usr/lib/gcc/arm-none-eabi/15/thumb/v6-m/nofp/libgcc.a(floatsisf.o)
 .debug_rnglists
                0x00001342       0x38 /usr/lib/gcc/arm-none-eabi/15/thumb/v6-m/nofp/libgcc.a(floatunsisf.o)
 .debug_rnglists
                0x0000137a      0x35f /usr/lib/gcc/arm-none-eabi/15/thumb/v6-m/nofp/libgcc.a(adddf3.o)
 .debug_rnglists
                0x000016d9      0x170 /usr/lib/gcc/arm-none-eabi/15/thumb/v6-m/nofp/libgcc.a(divdf3.o)
 .debug_rnglists
                0x00001849       0x26 /usr/lib/gcc/arm-none-eabi/15/thumb/v6-m/nofp/libgcc.a(eqdf2.o)
 .debug_rnglists
                0x0000186f       0x46 /usr/lib/gcc/arm-none-eabi/15/thumb/v6-m/nofp/libgcc.a(gedf2.o)
 .debug_rnglists
                0x000018b5       0x38 /usr/lib/gcc/arm-none-eabi/15/thumb/v6-m/nofp/libgcc.a(ledf2.o)
 .debug_rnglists
                0x000018ed      0x13e /usr/lib/gcc/arm-none-eabi/15/thumb/v6-m/nofp/libgcc.a(muldf3.o)
 .debug_rnglists
                0x00001a2b      0x3bc /usr/lib/gcc/arm-none-eabi/15/thumb/v6-m/nofp/libgcc.a(subdf3.o)
 .debug_rnglists
                0x00001de7       0x1d /usr/lib/gcc/arm-none-eabi/15/thumb/v6-m/nofp/libgcc.a(fixdfsi.o)
 .debug_rnglists
                0x00001e04       0x55 /usr/lib/gcc/arm-none-eabi/15/thumb/v6-m/nofp/libgcc.a(floatsidf.o)
 .debug_rnglists
                0x00001e59       0x3d /usr/lib/gcc/arm-none-eabi/15/thumb/v6-m/nofp/libgcc.a(extendsfdf2.o)
 .debug_rnglists
                0x00001e96       0x62 /usr/lib/gcc/arm-none-eabi/15/thumb/v6-m/nofp/libgcc.a(truncdfsf2.o)
 .debug_rnglists
                0x00001ef8       0x1f /usr/lib/gcc/arm-none-eabi/15/thumb/v6-m/nofp/libgcc.a(_divdi3.o)

.debug_line     0x00000000     0xe782
 .debug_line    0x00000000       0xf3 bin/obj/startup_lpc11u_gnumake.o
 .debug_line    0x000000f3      0x3a2 bin/obj/system_LPC11Uxx.o
 .debug_line    0x00000495     0x23ee bin/obj/board_reform2.o
 .debug_line    0x00002883      0x309 bin/obj/delay.o
 .debug_line    0x00002b8c      0x782 bin/obj/gpio.o
 .debug_line    0x0000330e      0x4ca bin/obj/i2c.o
 .debug_line    0x000037d8     0x20ea bin/obj/stdio.o
 .debug_line    0x000058c2      0x53f bin/obj/string.o
 .debug_line    0x00005e01      0x320 bin/obj/ssp0.o
 .debug_line    0x00006121      0x331 bin/obj/ssp1.o
 .debug_line    0x00006452      0x743 bin/obj/timer32.o
 .debug_line    0x00006b95      0x472 bin/obj/uart.o
 .debug_line    0x00007007      0x2a7 bin/obj/uart_buf.o
 .debug_line    0x000072ae      0x290 bin/obj/sensorpoll.o
 .debug_line    0x0000753e       0x56 /usr/lib/gcc/arm-none-eabi/15/thumb/v6-m/nofp/libgcc.a(_udivsi3.o)
 .debug_line    0x00007594       0x4a /usr/lib/gcc/arm-none-eabi/15/thumb/v6-m/nofp/libgcc.a(_dvmd_tls.o)
 .debug_line    0x000075de       0x62 /usr/lib/gcc/arm-none-eabi/15/thumb/v6-m/nofp/libgcc.a(_arm_cmpdf2.o)
 .debug_line    0x00007640       0x5f /usr/lib/gcc/arm-none-eabi/15/thumb/v6-m/nofp/libgcc.a(_arm_cmpsf2.o)
 .debug_line    0x0000769f       0xae /usr/lib/gcc/arm-none-eabi/15/thumb/v6-m/nofp/libgcc.a(_fixunsdfsi.o)
 .debug_line    0x0000774d      0x17f /usr/lib/gcc/arm-none-eabi/15/thumb/v6-m/nofp/libgcc.a(eqsf2.o)
 .debug_line    0x000078cc      0x247 /usr/lib/gcc/arm-none-eabi/15/thumb/v6-m/nofp/libgcc.a(gesf2.o)
 .debug_line    0x00007b13      0x242 /usr/lib/gcc/arm-none-eabi/15/thumb/v6-m/nofp/libgcc.a(lesf2.o)
 .debug_line    0x00007d55      0x501 /usr/lib/gcc/arm-none-eabi/15/thumb/v6-m/nofp/libgcc.a(mulsf3.o)
 .debug_line    0x00008256      0xea9 /usr/lib/gcc/arm-none-eabi/15/thumb/v6-m/nofp/libgcc.a(subsf3.o)
 .debug_line    0x000090ff      0x134 /usr/lib/gcc/arm-none-eabi/15/thumb/v6-m/nofp/libgcc.a(fixsfsi.o)
 .debug_line    0x00009233      0x1f4 /usr/lib/gcc/arm-none-eabi/15/thumb/v6-m/nofp/libgcc.a(floatsisf.o)
 .debug_line    0x00009427      0x1d1 /usr/lib/gcc/arm-none-eabi/15/thumb/v6-m/nofp/libgcc.a(floatunsisf.o)
 .debug_line    0x000095f8     0x1547 /usr/lib/gcc/arm-none-eabi/15/thumb/v6-m/nofp/libgcc.a(adddf3.o)
 .debug_line    0x0000ab3f      0xba8 /usr/lib/gcc/arm-none-eabi/15/thumb/v6-m/nofp/libgcc.a(divdf3.o)
 .debug_line    0x0000b6e7      0x16e /usr/lib/gcc/arm-none-eabi/15/thumb/v6-m/nofp/libgcc.a(eqdf2.o)
 .debug_line    0x0000b855      0x281 /usr/lib/gcc/arm-none-eabi/15/thumb/v6-m/nofp/libgcc.a(gedf2.o)
 .debug_line    0x0000bad6      0x268 /usr/lib/gcc/arm-none-eabi/15/thumb/v6-m/nofp/libgcc.a(ledf2.o)
 .debug_line    0x0000bd3e      0x99c /usr/lib/gcc/arm-none-eabi/15/thumb/v6-m/nofp/libgcc.a(muldf3.o)
 .debug_line    0x0000c6da     0x158e /usr/lib/gcc/arm-none-eabi/15/thumb/v6-m/nofp/libgcc.a(subdf3.o)
 .debug_line    0x0000dc68      0x127 /usr/lib/gcc/arm-none-eabi/15/thumb/v6-m/nofp/libgcc.a(fixdfsi.o)
 .debug_line    0x0000dd8f      0x188 /usr/lib/gcc/arm-none-eabi/15/thumb/v6-m/nofp/libgcc.a(floatsidf.o)
 .debug_line    0x0000df17      0x1cf /usr/lib/gcc/arm-none-eabi/15/thumb/v6-m/nofp/libgcc.a(extendsfdf2.o)
 .debug_line    0x0000e0e6      0x387 /usr/lib/gcc/arm-none-eabi/15/thumb/v6-m/nofp/libgcc.a(truncdfsf2.o)
 .debug_line    0x0000e46d       0x5e /usr/lib/gcc/arm-none-eabi/15/thumb/v6-m/nofp/libgcc.a(_clzsi2.o)
 .debug_line    0x0000e4cb      0x263 /usr/lib/gcc/arm-none-eabi/15/thumb/v6-m/nofp/libgcc.a(_divdi3.o)
 .debug_line    0x0000e72e       0x54 /usr/lib/gcc/arm-none-eabi/15/thumb/v6-m/nofp/libgcc.a(_clzdi2.o)

.debug_str      0x00000000     0x2e80
 .debug_str     0x00000000     0x2e80 bin/obj/startup_lpc11u_gnumake.o
                                0x24c (size before relaxing)
 .debug_str     0x00002e80        0x0 bin/obj/system_LPC11Uxx.o
                                0x43f (size before relaxing)
 .debug_str     0x00002e80        0x0 bin/obj/board_reform2.o
                               0x1721 (size before relaxing)
 .debug_str     0x00002e80        0x0 bin/obj/delay.o
                                0x75a (size before relaxing)
 .debug_str     0x00002e80        0x0 bin/obj/gpio.o
                                0x7f7 (size before relaxing)
 .debug_str     0x00002e80        0x0 bin/obj/i2c.o
                                0x99d (size before relaxing)
 .debug_str     0x00002e80        0x0 bin/obj/stdio.o
                                0x354 (size before relaxing)
 .debug_str     0x00002e80        0x0 bin/obj/string.o
                                0x2a7 (size before relaxing)
 .debug_str     0x00002e80        0x0 bin/obj/ssp0.o
                                0x643 (size before relaxing)
 .debug_str     0x00002e80        0x0 bin/obj/ssp1.o
                                0x643 (size before relaxing)
 .debug_str     0x00002e80        0x0 bin/obj/timer32.o
                                0x76b (size before relaxing)
 .debug_str     0x00002e80        0x0 bin/obj/uart.o
                                0x9d5 (size before relaxing)
 .debug_str     0x00002e80        0x0 bin/obj/uart_buf.o
                                0x2be (size before relaxing)
 .debug_str     0x00002e80        0x0 bin/obj/sensorpoll.o
                                0x76d (size before relaxing)
 .debug_str     0x00002e80        0x0 /usr/lib/gcc/arm-none-eabi/15/thumb/v6-m/nofp/libgcc.a(_udivsi3.o)
                                 0xc7 (size before relaxing)
 .debug_str     0x00002e80        0x0 /usr/lib/gcc/arm-none-eabi/15/thumb/v6-m/nofp/libgcc.a(_dvmd_tls.o)
                                 0xc8 (size before relaxing)
 .debug_str     0x00002e80        0x0 /usr/lib/gcc/arm-none-eabi/15/thumb/v6-m/nofp/libgcc.a(_arm_cmpdf2.o)
                                0x128 (size before relaxing)
 .debug_str     0x00002e80        0x0 /usr/lib/gcc/arm-none-eabi/15/thumb/v6-m/nofp/libgcc.a(_arm_cmpsf2.o)
                                0x128 (size before relaxing)
 .debug_str     0x00002e80        0x0 /usr/lib/gcc/arm-none-eabi/15/thumb/v6-m/nofp/libgcc.a(_fixunsdfsi.o)
                                0x679 (size before relaxing)
 .debug_str     0x00002e80        0x0 /usr/lib/gcc/arm-none-eabi/15/thumb/v6-m/nofp/libgcc.a(eqsf2.o)
                                0x20f (size before relaxing)
 .debug_str     0x00002e80        0x0 /usr/lib/gcc/arm-none-eabi/15/thumb/v6-m/nofp/libgcc.a(gesf2.o)
                                0x233 (size before relaxing)
 .debug_str     0x00002e80        0x0 /usr/lib/gcc/arm-none-eabi/15/thumb/v6-m/nofp/libgcc.a(lesf2.o)
                                0x233 (size before relaxing)
 .debug_str     0x00002e80        0x0 /usr/lib/gcc/arm-none-eabi/15/thumb/v6-m/nofp/libgcc.a(mulsf3.o)
                                0x306 (size before relaxing)
 .debug_str     0x00002e80        0x0 /usr/lib/gcc/arm-none-eabi/15/thumb/v6-m/nofp/libgcc.a(subsf3.o)
                                0x2e1 (size before relaxing)
 .debug_str     0x00002e80        0x0 /usr/lib/gcc/arm-none-eabi/15/thumb/v6-m/nofp/libgcc.a(fixsfsi.o)
                                0x219 (size before relaxing)
 .debug_str     0x00002e80        0x0 /usr/lib/gcc/arm-none-eabi/15/thumb/v6-m/nofp/libgcc.a(floatsisf.o)
                                0x2a8 (size before relaxing)
 .debug_str     0x00002e80        0x0 /usr/lib/gcc/arm-none-eabi/15/thumb/v6-m/nofp/libgcc.a(floatunsisf.o)
                                0x2a4 (size before relaxing)
 .debug_str     0x00002e80        0x0 /usr/lib/gcc/arm-none-eabi/15/thumb/v6-m/nofp/libgcc.a(adddf3.o)
                                0x31e (size before relaxing)
 .debug_str     0x00002e80        0x0 /usr/lib/gcc/arm-none-eabi/15/thumb/v6-m/nofp/libgcc.a(divdf3.o)
                                0x3f1 (size before relaxing)
 .debug_str     0x00002e80        0x0 /usr/lib/gcc/arm-none-eabi/15/thumb/v6-m/nofp/libgcc.a(eqdf2.o)
                                0x22b (size before relaxing)
 .debug_str     0x00002e80        0x0 /usr/lib/gcc/arm-none-eabi/15/thumb/v6-m/nofp/libgcc.a(gedf2.o)
                                0x24f (size before relaxing)
 .debug_str     0x00002e80        0x0 /usr/lib/gcc/arm-none-eabi/15/thumb/v6-m/nofp/libgcc.a(ledf2.o)
                                0x24f (size before relaxing)
 .debug_str     0x00002e80        0x0 /usr/lib/gcc/arm-none-eabi/15/thumb/v6-m/nofp/libgcc.a(muldf3.o)
                                0x438 (size before relaxing)
 .debug_str     0x00002e80        0x0 /usr/lib/gcc/arm-none-eabi/15/thumb/v6-m/nofp/libgcc.a(subdf3.o)
                                0x31e (size before relaxing)
 .debug_str     0x00002e80        0x0 /usr/lib/gcc/arm-none-eabi/15/thumb/v6-m/nofp/libgcc.a(fixdfsi.o)
                                0x22b (size before relaxing)
 .debug_str     0x00002e80        0x0 /usr/lib/gcc/arm-none-eabi/15/thumb/v6-m/nofp/libgcc.a(floatsidf.o)
                                0x2cc (size before relaxing)
 .debug_str     0x00002e80        0x0 /usr/lib/gcc/arm-none-eabi/15/thumb/v6-m/nofp/libgcc.a(extendsfdf2.o)
                                0x253 (size before relaxing)
 .debug_str     0x00002e80        0x0 /usr/lib/gcc/arm-none-eabi/15/thumb/v6-m/nofp/libgcc.a(truncdfsf2.o)
                                0x2a9 (size before relaxing)
 .debug_str     0x00002e80        0x0 /usr/lib/gcc/arm-none-eabi/15/thumb/v6-m/nofp/libgcc.a(_clzsi2.o)
                                 0xb5 (size before relaxing)
 .debug_str     0x00002e80        0x0 /usr/lib/gcc/arm-none-eabi/15/thumb/v6-m/nofp/libgcc.a(_divdi3.o)
                                0x68d (size before relaxing)
 .debug_str     0x00002e80        0x0 /usr/lib/gcc/arm-none-eabi/15/thumb/v6-m/nofp/libgcc.a(_clzdi2.o)
                                 0xac (size before relaxing)

.comment        0x00000000       0x28
 .comment       0x00000000       0x28 bin/obj/startup_lpc11u_gnumake.o
                                 0x29 (size before relaxing)
 .comment       0x00000028        0x0 bin/obj/system_LPC11Uxx.o
                                 0x29 (size before relaxing)
 .comment       0x00000028        0x0 bin/obj/board_reform2.o
                                 0x29 (size before relaxing)
 .comment       0x00000028        0x0 bin/obj/delay.o
                                 0x29 (size before relaxing)
 .comment       0x00000028        0x0 bin/obj/gpio.o
                                 0x29 (size before relaxing)
 .comment       0x00000028        0x0 bin/obj/i2c.o
                                 0x29 (size before relaxing)
 .comment       0x00000028        0x0 bin/obj/stdio.o
                                 0x29 (size before relaxing)
 .comment       0x00000028        0x0 bin/obj/string.o
                                 0x29 (size before relaxing)
 .comment       0x00000028        0x0 bin/obj/ssp0.o
                                 0x29 (size before relaxing)
 .comment       0x00000028        0x0 bin/obj/ssp1.o
                                 0x29 (size before relaxing)
 .comment       0x00000028        0x0 bin/obj/timer32.o
                                 0x29 (size before relaxing)
 .comment       0x00000028        0x0 bin/obj/uart.o
                                 0x29 (size before relaxing)
 .comment       0x00000028        0x0 bin/obj/uart_buf.o
                                 0x29 (size before relaxing)
 .comment       0x00000028        0x0 bin/obj/sensorpoll.o
                                 0x29 (size before relaxing)
 .comment       0x00000028        0x0 /usr/lib/gcc/arm-none-eabi/15/thumb/v6-m/nofp/libgcc.a(_fixunsdfsi.o)
                                 0x29 (size before relaxing)
 .comment       0x00000028        0x0 /usr/lib/gcc/arm-none-eabi/15/thumb/v6-m/nofp/libgcc.a(eqsf2.o)
                                 0x29 (size before relaxing)
 .comment       0x00000028        0x0 /usr/lib/gcc/arm-none-eabi/15/thumb/v6-m/nofp/libgcc.a(gesf2.o)
                                 0x29 (size before relaxing)
 .comment       0x00000028        0x0 /usr/lib/gcc/arm-none-eabi/15/thumb/v6-m/nofp/libgcc.a(lesf2.o)
                                 0x29 (size before relaxing)
 .comment       0x00000028        0x0 /usr/lib/gcc/arm-none-eabi/15/thumb/v6-m/nofp/libgcc.a(mulsf3.o)
                                 0x29 (size before relaxing)
 .comment       0x00000028        0x0 /usr/lib/gcc/arm-none-eabi/15/thumb/v6-m/nofp/libgcc.a(subsf3.o)
                                 0x29 (size before relaxing)
 .comment       0x00000028        0x0 /usr/lib/gcc/arm-none-eabi/15/thumb/v6-m/nofp/libgcc.a(fixsfsi.o)
                                 0x29 (size before relaxing)
 .comment       0x00000028        0x0 /usr/lib/gcc/arm-none-eabi/15/thumb/v6-m/nofp/libgcc.a(floatsisf.o)
                                 0x29 (size before relaxing)
 .comment       0x00000028        0x0 /usr/lib/gcc/arm-none-eabi/15/thumb/v6-m/nofp/libgcc.a(floatunsisf.o)
                                 0x29 (size before relaxing)
 .comment       0x00000028        0x0 /usr/lib/gcc/arm-none-eabi/15/thumb/v6-m/nofp/libgcc.a(adddf3.o)
                                 0x29 (size before relaxing)
 .comment       0x00000028        0x0 /usr/lib/gcc/arm-none-eabi/15/thumb/v6-m/nofp/libgcc.a(divdf3.o)
                                 0x29 (size before relaxing)
 .comment       0x00000028        0x0 /usr/lib/gcc/arm-none-eabi/15/thumb/v6-m/nofp/libgcc.a(eqdf2.o)
                                 0x29 (size before relaxing)
 .comment       0x00000028        0x0 /usr/lib/gcc/arm-none-eabi/15/thumb/v6-m/nofp/libgcc.a(gedf2.o)
                                 0x29 (size before relaxing)
 .comment       0x00000028        0x0 /usr/lib/gcc/arm-none-eabi/15/thumb/v6-m/nofp/libgcc.a(ledf2.o)
                                 0x29 (size before relaxing)
 .comment       0x00000028        0x0 /usr/lib/gcc/arm-none-eabi/15/thumb/v6-m/nofp/libgcc.a(muldf3.o)
                                 0x29 (size before relaxing)
 .comment       0x00000028        0x0 /usr/lib/gcc/arm-none-eabi/15/thumb/v6-m/nofp/libgcc.a(subdf3.o)
                                 0x29 (size before relaxing)
 .comment       0x00000028        0x0 /usr/lib/gcc/arm-none-eabi/15/thumb/v6-m/nofp/libgcc.a(fixdfsi.o)
                                 0x29 (size before relaxing)
 .comment       0x00000028        0x0 /usr/lib/gcc/arm-none-eabi/15/thumb/v6-m/nofp/libgcc.a(floatsidf.o)
                                 0x29 (size before relaxing)
 .comment       0x00000028        0x0 /usr/lib/gcc/arm-none-eabi/15/thumb/v6-m/nofp/libgcc.a(extendsfdf2.o)
                                 0x29 (size before relaxing)
 .comment       0x00000028        0x0 /usr/lib/gcc/arm-none-eabi/15/thumb/v6-m/nofp/libgcc.a(truncdfsf2.o)
                                 0x29 (size before relaxing)
 .comment       0x00000028        0x0 /usr/lib/gcc/arm-none-eabi/15/thumb/v6-m/nofp/libgcc.a(_divdi3.o)
                                 0x29 (size before relaxing)

.ARM.attributes
                0x00000000       0x30
 .ARM.attributes
                0x00000000       0x2c bin/obj/startup_lpc11u_gnumake.o
 .ARM.attributes
                0x0000002c       0x2c bin/obj/system_LPC11Uxx.o
 .ARM.attributes
                0x00000058       0x2c bin/obj/board_reform2.o
 .ARM.attributes
                0x00000084       0x2c bin/obj/delay.o
 .ARM.attributes
                0x000000b0       0x2c bin/obj/gpio.o
 .ARM.attributes
                0x000000dc       0x2c bin/obj/i2c.o
 .ARM.attributes
                0x00000108       0x2c bin/obj/stdio.o
 .ARM.attributes
                0x00000134       0x2c bin/obj/string.o
 .ARM.attributes
                0x00000160       0x2c bin/obj/ssp0.o
 .ARM.attributes
                0x0000018c       0x2c bin/obj/ssp1.o
 .ARM.attributes
                0x000001b8       0x2c bin/obj/timer32.o
 .ARM.attributes
                0x000001e4       0x2c bin/obj/uart.o
 .ARM.attributes
                0x00000210       0x2c bin/obj/uart_buf.o
 .ARM.attributes
                0x0000023c       0x2c bin/obj/sensorpoll.o
 .ARM.attributes
                0x00000268       0x1e /usr/lib/gcc/arm-none-eabi/15/thumb/v6-m/nofp/libgcc.a(_udivsi3.o)
 .ARM.attributes
                0x00000286       0x1e /usr/lib/gcc/arm-none-eabi/15/thumb/v6-m/nofp/libgcc.a(_dvmd_tls.o)
 .ARM.attributes
                0x000002a4       0x1e /usr/lib/gcc/arm-none-eabi/15/thumb/v6-m/nofp/libgcc.a(_arm_cmpdf2.o)
 .ARM.attributes
                0x000002c2       0x1e /usr/lib/gcc/arm-none-eabi/15/thumb/v6-m/nofp/libgcc.a(_arm_cmpsf2.o)
 .ARM.attributes
                0x000002e0       0x2c /usr/lib/gcc/arm-none-eabi/15/thumb/v6-m/nofp/libgcc.a(_fixunsdfsi.o)
 .ARM.attributes
                0x0000030c       0x2c /usr/lib/gcc/arm-none-eabi/15/thumb/v6-m/nofp/libgcc.a(eqsf2.o)
 .ARM.attributes
                0x00000338       0x2c /usr/lib/gcc/arm-none-eabi/15/thumb/v6-m/nofp/libgcc.a(gesf2.o)
 .ARM.attributes
                0x00000364       0x2c /usr/lib/gcc/arm-none-eabi/15/thumb/v6-m/nofp/libgcc.a(lesf2.o)
 .ARM.attributes
                0x00000390       0x2c /usr/lib/gcc/arm-none-eabi/15/thumb/v6-m/nofp/libgcc.a(mulsf3.o)
 .ARM.attributes
                0x000003bc       0x2c /usr/lib/gcc/arm-none-eabi/15/thumb/v6-m/nofp/libgcc.a(subsf3.o)
 .ARM.attributes
                0x000003e8       0x2c /usr/lib/gcc/arm-none-eabi/15/thumb/v6-m/nofp/libgcc.a(fixsfsi.o)
 .ARM.attributes
                0x00000414       0x2c /usr/lib/gcc/arm-none-eabi/15/thumb/v6-m/nofp/libgcc.a(floatsisf.o)
 .ARM.attributes
                0x00000440       0x2c /usr/lib/gcc/arm-none-eabi/15/thumb/v6-m/nofp/libgcc.a(floatunsisf.o)
 .ARM.attributes
                0x0000046c       0x2c /usr/lib/gcc/arm-none-eabi/15/thumb/v6-m/nofp/libgcc.a(adddf3.o)
 .ARM.attributes
                0x00000498       0x2c /usr/lib/gcc/arm-none-eabi/15/thumb/v6-m/nofp/libgcc.a(divdf3.o)
 .ARM.attributes
                0x000004c4       0x2c /usr/lib/gcc/arm-none-eabi/15/thumb/v6-m/nofp/libgcc.a(eqdf2.o)
 .ARM.attributes
                0x000004f0       0x2c /usr/lib/gcc/arm-none-eabi/15/thumb/v6-m/nofp/libgcc.a(gedf2.o)
 .ARM.attributes
                0x0000051c       0x2c /usr/lib/gcc/arm-none-eabi/15/thumb/v6-m/nofp/libgcc.a(ledf2.o)
 .ARM.attributes
                0x00000548       0x2c /usr/lib/gcc/arm-none-eabi/15/thumb/v6-m/nofp/libgcc.a(muldf3.o)
 .ARM.attributes
                0x00000574       0x2c /usr/lib/gcc/arm-none-eabi/15/thumb/v6-m/nofp/libgcc.a(subdf3.o)
 .ARM.attributes
                0x000005a0       0x2c /usr/lib/gcc/arm-none-eabi/15/thumb/v6-m/nofp/libgcc.a(fixdfsi.o)
 .ARM.attributes
                0x000005cc       0x2c /usr/lib/gcc/arm-none-eabi/15/thumb/v6-m/nofp/libgcc.a(floatsidf.o)
 .ARM.attributes
                0x000005f8       0x2c /usr/lib/gcc/arm-none-eabi/15/thumb/v6-m/nofp/libgcc.a(extendsfdf2.o)
 .ARM.attributes
                0x00000624       0x2c /usr/lib/gcc/arm-none-eabi/15/thumb/v6-m/nofp/libgcc.a(truncdfsf2.o)
 .ARM.attributes
                0x00000650       0x1e /usr/lib/gcc/arm-none-eabi/15/thumb/v6-m/nofp/libgcc.a(_clzsi2.o)
 .ARM.attributes
                0x0000066e       0x2c /usr/lib/gcc/arm-none-eabi/15/thumb/v6-m/nofp/libgcc.a(_divdi3.o)
 .ARM.attributes
                0x0000069a       0x1e /usr/lib/gcc/arm-none-eabi/15/thumb/v6-m/nofp/libgcc.a(_clzdi2.o)

.debug_frame    0x00000000     0x10a4
 .debug_frame   0x00000000       0x88 bin/obj/startup_lpc11u_gnumake.o
 .debug_frame   0x00000088       0x44 bin/obj/system_LPC11Uxx.o
 .debug_frame   0x000000cc      0x358 bin/obj/board_reform2.o
 .debug_frame   0x00000424       0x90 bin/obj/delay.o
 .debug_frame   0x000004b4       0xc4 bin/obj/gpio.o
 .debug_frame   0x00000578       0x6c bin/obj/i2c.o
 .debug_frame   0x000005e4      0x1e0 bin/obj/stdio.o
 .debug_frame   0x000007c4      0x13c bin/obj/string.o
 .debug_frame   0x00000900       0x80 bin/obj/ssp0.o
 .debug_frame   0x00000980       0x84 bin/obj/ssp1.o
 .debug_frame   0x00000a04       0xc8 bin/obj/timer32.o
 .debug_frame   0x00000acc       0x80 bin/obj/uart.o
 .debug_frame   0x00000b4c       0xa4 bin/obj/uart_buf.o
 .debug_frame   0x00000bf0       0x80 bin/obj/sensorpoll.o
 .debug_frame   0x00000c70       0x20 /usr/lib/gcc/arm-none-eabi/15/thumb/v6-m/nofp/libgcc.a(_udivsi3.o)
 .debug_frame   0x00000c90       0x2c /usr/lib/gcc/arm-none-eabi/15/thumb/v6-m/nofp/libgcc.a(_fixunsdfsi.o)
 .debug_frame   0x00000cbc       0x2c /usr/lib/gcc/arm-none-eabi/15/thumb/v6-m/nofp/libgcc.a(eqsf2.o)
 .debug_frame   0x00000ce8       0x28 /usr/lib/gcc/arm-none-eabi/15/thumb/v6-m/nofp/libgcc.a(gesf2.o)
 .debug_frame   0x00000d10       0x28 /usr/lib/gcc/arm-none-eabi/15/thumb/v6-m/nofp/libgcc.a(lesf2.o)
 .debug_frame   0x00000d38       0x38 /usr/lib/gcc/arm-none-eabi/15/thumb/v6-m/nofp/libgcc.a(mulsf3.o)
 .debug_frame   0x00000d70       0x34 /usr/lib/gcc/arm-none-eabi/15/thumb/v6-m/nofp/libgcc.a(subsf3.o)
 .debug_frame   0x00000da4       0x20 /usr/lib/gcc/arm-none-eabi/15/thumb/v6-m/nofp/libgcc.a(fixsfsi.o)
 .debug_frame   0x00000dc4       0x2c /usr/lib/gcc/arm-none-eabi/15/thumb/v6-m/nofp/libgcc.a(floatsisf.o)
 .debug_frame   0x00000df0       0x28 /usr/lib/gcc/arm-none-eabi/15/thumb/v6-m/nofp/libgcc.a(floatunsisf.o)
 .debug_frame   0x00000e18       0x38 /usr/lib/gcc/arm-none-eabi/15/thumb/v6-m/nofp/libgcc.a(adddf3.o)
 .debug_frame   0x00000e50       0x3c /usr/lib/gcc/arm-none-eabi/15/thumb/v6-m/nofp/libgcc.a(divdf3.o)
 .debug_frame   0x00000e8c       0x3c /usr/lib/gcc/arm-none-eabi/15/thumb/v6-m/nofp/libgcc.a(eqdf2.o)
 .debug_frame   0x00000ec8       0x38 /usr/lib/gcc/arm-none-eabi/15/thumb/v6-m/nofp/libgcc.a(gedf2.o)
 .debug_frame   0x00000f00       0x38 /usr/lib/gcc/arm-none-eabi/15/thumb/v6-m/nofp/libgcc.a(ledf2.o)
 .debug_frame   0x00000f38       0x3c /usr/lib/gcc/arm-none-eabi/15/thumb/v6-m/nofp/libgcc.a(muldf3.o)
 .debug_frame   0x00000f74       0x3c /usr/lib/gcc/arm-none-eabi/15/thumb/v6-m/nofp/libgcc.a(subdf3.o)
 .debug_frame   0x00000fb0       0x30 /usr/lib/gcc/arm-none-eabi/15/thumb/v6-m/nofp/libgcc.a(fixdfsi.o)
 .debug_frame   0x00000fe0       0x2c /usr/lib/gcc/arm-none-eabi/15/thumb/v6-m/nofp/libgcc.a(floatsidf.o)
 .debug_frame   0x0000100c       0x2c /usr/lib/gcc/arm-none-eabi/15/thumb/v6-m/nofp/libgcc.a(extendsfdf2.o)
 .debug_frame   0x00001038       0x30 /usr/lib/gcc/arm-none-eabi/15/thumb/v6-m/nofp/libgcc.a(truncdfsf2.o)
 .debug_frame   0x00001068       0x3c /usr/lib/gcc/arm-none-eabi/15/thumb/v6-m/nofp/libgcc.a(_divdi3.o)

.debug_line_str
                0x00000000       0xac
 .debug_line_str
                0x00000000       0xac /usr/lib/gcc/arm-none-eabi/15/thumb/v6-m/nofp/libgcc.a(_udivsi3.o)
                                 0xa0 (size before relaxing)
 .debug_line_str
                0x000000ac        0x0 /usr/lib/gcc/arm-none-eabi/15/thumb/v6-m/nofp/libgcc.a(_dvmd_tls.o)
                                 0xa0 (size before relaxing)
 .debug_line_str
                0x000000ac        0x0 /usr/lib/gcc/arm-none-eabi/15/thumb/v6-m/nofp/libgcc.a(_arm_cmpdf2.o)
                                 0xa0 (size before relaxing)
 .debug_line_str
                0x000000ac        0x0 /usr/lib/gcc/arm-none-eabi/15/thumb/v6-m/nofp/libgcc.a(_arm_cmpsf2.o)
                                 0xa0 (size before relaxing)
 .debug_line_str
                0x000000ac        0x0 /usr/lib/gcc/arm-none-eabi/15/thumb/v6-m/nofp/libgcc.a(_clzsi2.o)
                                 0xa0 (size before relaxing)
 .debug_line_str
                0x000000ac        0x0 /usr/lib/gcc/arm-none-eabi/15/thumb/v6-m/nofp/libgcc.a(_clzdi2.o)
                                 0xa0 (size before relaxing)
